---
source: crates/nm-tui/tests/screens.rs
expression: output
---
+Read-only network assessment--------------------------------------------------+
|NetworkMaster  |  Dashboard  |  pre-alpha 0.0.1                               |
+------------------------------------------------------------------------------+
+Inventory---------------------------------++Findings--------------------------+
|Family          Enrolled   Candidates     ||Info         0                    |
|AirOs           0          0              ||Low          0                    |
|EdgeOs          0          0              ||Medium       0                    |
|EdgeSwitch      0          0              ||High         0                    |
|UniFi           0          0              ||Critical     0                    |
|Uisp            0          0              ||                                  |
|Unknown         0          0              ||                                  |
|                                          ||                                  |
+------------------------------------------++----------------------------------+
+Collection--------------------------------------------------------------------+
|Last snapshot: never                                                          |
|Coverage: --                                                                  |
|No collectors are registered in M0.                                           |
+------------------------------------------------------------------------------+
+Quick actions-----------------------------------------------------------------+
|Add candidates: netmaster inventory add <address>                             |
|Enroll: netmaster inventory enroll <id>   |   0 Settings   ? Help             |
+------------------------------------------------------------------------------+
Ready. No network actions in M0.
1 Dashboard  0 Settings  ? Help  q Quit  Ctrl+C Cancel
