---
source: crates/nm-tui/tests/screens.rs
expression: output
---
+Read-only network assessment--------------------------------------------------+
|NetworkMaster  |  Settings  |  pre-alpha 0.0.1                                |
+------------------------------------------------------------------------------+
+Settings----------------------------------------------------------------------+
|Theme: Dark                                                                   |
|Borders: ASCII                                                                |
|Data directory: <data-dir>                                                    |
|Version: 0.0.1                                                                |
|                                                                              |
|Providers: none (planned for M3)                                              |
|                                                                              |
|d Dark   h High contrast   n No color                                         |
|Theme changes are saved locally. NO_COLOR takes precedence.                   |
|                                                                              |
|                                                                              |
|                                                                              |
|                                                                              |
|                                                                              |
|                                                                              |
|                                                                              |
|                                                                              |
+------------------------------------------------------------------------------+
Ready. Network actions require enrollment.
1 Home  2 Inventory  3 Credentials  4 Scan  5 Findings  6 Devices  7 Topology  ?
