---
source: crates/nm-tui/tests/screens.rs
expression: output
---
+Read-only network assessment--------------------------------------------------+
|NetworkMaster  |  Help  |  pre-alpha 0.0.1                                    |
+------------------------------------------------------------------------------+
+Global keys-------------------------------------------------------------------+
|1       Dashboard                                                             |
|2       Inventory                                                             |
|3       Credentials                                                           |
|4       Scan                                                                  |
|5       Findings                                                              |
|6       Devices                                                               |
|7       Topology                                                              |
|8       AI (M3)                                                               |
|9       Audit (later)                                                         |
|0       Settings                                                              |
|?       Help                                                                  |
|Esc     Dashboard / dismiss confirmation                                      |
|q       Quit (confirm if a job is active)                                     |
|Ctrl+C  Cancel active job; press again to quit                                |
|                                                                              |
|Only explicitly enrolled devices may be contacted.                            |
|Dry run is offline. Credentials last for this process only.                   |
+------------------------------------------------------------------------------+
Ready. Network actions require enrollment.
1 Home  2 Inventory  3 Credentials  4 Scan  5 Findings  6 Devices  7 Topology  ?
