---
source: crates/nm-tui/tests/screens.rs
expression: output
---
+Read-only network assessment------------------------------------------------------------------------------------------+
|NetworkMaster  |  Dashboard  |  pre-alpha 0.0.1                                                                       |
+----------------------------------------------------------------------------------------------------------------------+
+Inventory-------------------------------------------------------++Findings--------------------------------------------+
|Family          Enrolled   Candidates                           ||Info         0                                      |
|AirOs           0          0                                    ||Low          0                                      |
|EdgeOs          0          0                                    ||Medium       0                                      |
|EdgeSwitch      0          0                                    ||High         0                                      |
|UniFi           0          0                                    ||Critical     0                                      |
|Uisp            0          0                                    ||                                                    |
|Unknown         0          0                                    ||                                                    |
|                                                                ||                                                    |
|                                                                ||                                                    |
|                                                                ||                                                    |
|                                                                ||                                                    |
|                                                                ||                                                    |
|                                                                ||                                                    |
|                                                                ||                                                    |
|                                                                ||                                                    |
|                                                                ||                                                    |
|                                                                ||                                                    |
|                                                                ||                                                    |
|                                                                ||                                                    |
|                                                                ||                                                    |
|                                                                ||                                                    |
|                                                                ||                                                    |
|                                                                ||                                                    |
|                                                                ||                                                    |
+----------------------------------------------------------------++----------------------------------------------------+
+Collection------------------------------------------------------------------------------------------------------------+
|Last snapshot: never                                                                                                  |
|Coverage: --                                                                                                          |
|airOS SSH collector available. Press 4 for dry run.                                                                   |
+----------------------------------------------------------------------------------------------------------------------+
+Quick actions---------------------------------------------------------------------------------------------------------+
|Add candidates: netmaster inventory add <address>                                                                     |
|Enroll: netmaster inventory enroll <id>   |   0 Settings   ? Help                                                     |
+----------------------------------------------------------------------------------------------------------------------+
Ready. Network actions require enrollment.
1 Home  2 Inventory  3 Credentials  4 Scan  5 Findings  6 Devices  7 Topology  ? Help
